// Jest Snapshot v1, https://jestjs.io/docs/snapshot-testing

exports[`graphql.types preserves every GraphQL field resolver type 1`] = `
{
  "AccountGql.displayName": "String",
  "AccountGql.email": "String!",
  "AccountGql.id": "ID!",
  "DashboardAggregateGql.aggregateType": "String!",
  "DashboardAggregateGql.createdAt": "String!",
  "DashboardAggregateGql.datasetVersionId": "ID!",
  "DashboardAggregateGql.datasetVersionIds": "[String!]!",
  "DashboardAggregateGql.dimensionHash": "String!",
  "DashboardAggregateGql.id": "ID!",
  "DashboardAggregateGql.metric": "DashboardMetricGql!",
  "DashboardAggregateGql.observationCount": "Int!",
  "DashboardAggregateGql.periodEnd": "String!",
  "DashboardAggregateGql.periodStart": "String!",
  "DashboardAggregateGql.regionId": "ID!",
  "DashboardAggregateGql.unit": "String!",
  "DashboardAggregateGql.value": "DashboardValueGql!",
  "DashboardFiltersGql.datasetVersionId": "ID",
  "DashboardFiltersGql.dimensionHash": "String",
  "DashboardFiltersGql.metricId": "ID",
  "DashboardFiltersGql.periodEnd": "String",
  "DashboardFiltersGql.periodStart": "String",
  "DashboardFiltersGql.regionId": "ID",
  "DashboardMetricGql.allowedAggregation": "String!",
  "DashboardMetricGql.calculationVersion": "String!",
  "DashboardMetricGql.canonicalUnit": "String!",
  "DashboardMetricGql.createdAt": "String!",
  "DashboardMetricGql.description": "String",
  "DashboardMetricGql.id": "ID!",
  "DashboardMetricGql.key": "String!",
  "DashboardMetricGql.label": "String!",
  "DashboardMetricGql.status": "String!",
  "DashboardMetricGql.updatedAt": "String!",
  "DashboardMetricGql.valueType": "String!",
  "DashboardPresentationGql.chart": "String",
  "DashboardPresentationGql.compareBy": "String",
  "DashboardSummaryGql.aggregates": "[DashboardAggregateGql!]!",
  "DashboardSummaryGql.metrics": "[DashboardMetricGql!]!",
  "DashboardSummaryGql.savedViews": "[DashboardViewGql!]!",
  "DashboardValueGql.type": "String!",
  "DashboardValueGql.value": "String",
  "DashboardViewGql.createdAt": "String!",
  "DashboardViewGql.description": "String",
  "DashboardViewGql.filters": "DashboardFiltersGql!",
  "DashboardViewGql.id": "ID!",
  "DashboardViewGql.name": "String!",
  "DashboardViewGql.ownerAccountId": "ID!",
  "DashboardViewGql.presentation": "DashboardPresentationGql!",
  "DashboardViewGql.schemaVersion": "Int!",
  "DashboardViewGql.status": "String!",
  "DashboardViewGql.updatedAt": "String!",
  "MembershipGql.accountId": "ID!",
  "MembershipGql.id": "ID!",
  "MembershipGql.role": "String!",
  "OrganizationAuditEventConnection.edges": "[OrganizationAuditEventEdge!]!",
  "OrganizationAuditEventConnection.pageInfo": "PageInfo!",
  "OrganizationAuditEventEdge.cursor": "String!",
  "OrganizationAuditEventEdge.node": "OrganizationAuditEventGql!",
  "OrganizationAuditEventGql.action": "String!",
  "OrganizationAuditEventGql.actorAccountId": "ID",
  "OrganizationAuditEventGql.createdAt": "String!",
  "OrganizationAuditEventGql.id": "ID!",
  "OrganizationAuditEventGql.targetId": "String",
  "OrganizationAuditEventGql.targetType": "String!",
  "OrganizationGql.createdAt": "String!",
  "OrganizationGql.id": "ID!",
  "OrganizationGql.name": "String!",
  "OrganizationGql.updatedAt": "String!",
  "OrganizationInvitationConnection.edges": "[OrganizationInvitationEdge!]!",
  "OrganizationInvitationConnection.pageInfo": "PageInfo!",
  "OrganizationInvitationEdge.cursor": "String!",
  "OrganizationInvitationEdge.node": "OrganizationInvitationGql!",
  "OrganizationInvitationGql.acceptedAt": "String",
  "OrganizationInvitationGql.createdAt": "String!",
  "OrganizationInvitationGql.email": "String!",
  "OrganizationInvitationGql.expiresAt": "String!",
  "OrganizationInvitationGql.id": "ID!",
  "OrganizationInvitationGql.invitedByAccountId": "ID!",
  "OrganizationInvitationGql.revokedAt": "String",
  "OrganizationInvitationGql.role": "String!",
  "OrganizationMemberConnection.edges": "[OrganizationMemberEdge!]!",
  "OrganizationMemberConnection.pageInfo": "PageInfo!",
  "OrganizationMemberEdge.cursor": "String!",
  "OrganizationMemberEdge.node": "OrganizationMemberGql!",
  "OrganizationMemberGql.accountId": "ID!",
  "OrganizationMemberGql.createdAt": "String!",
  "OrganizationMemberGql.displayName": "String",
  "OrganizationMemberGql.email": "String!",
  "OrganizationMemberGql.id": "ID!",
  "OrganizationMemberGql.revokedAt": "String",
  "OrganizationMemberGql.role": "String!",
  "OrganizationMemberGql.updatedAt": "String!",
  "PageInfo.endCursor": "String",
  "PageInfo.hasNextPage": "Boolean!",
  "RegionConnection.edges": "[RegionEdge!]!",
  "RegionConnection.pageInfo": "PageInfo!",
  "RegionEdge.cursor": "String!",
  "RegionEdge.node": "RegionGql!",
  "RegionGql.countryCode": "String",
  "RegionGql.id": "ID!",
  "RegionGql.metrics": "[RegionalMetricGql!]!",
  "RegionGql.name": "String!",
  "RegionGql.slug": "String!",
  "RegionGql.summary": "String",
  "RegionalMetricGql.id": "ID!",
  "RegionalMetricGql.key": "String!",
  "RegionalMetricGql.label": "String!",
  "RegionalMetricGql.regionId": "ID!",
  "RegionalMetricGql.unit": "String",
  "RegionalMetricGql.value": "Number!",
  "ViewerGql.account": "AccountGql!",
  "ViewerGql.membership": "MembershipGql!",
}
`;
